Archive member included to satisfy reference by file (symbol)

/opt/st/stm32cubeide_1.19.0/plugins/com.st.stm32cube.ide.mcu.externaltools.gnu-tools-for-stm32.13.3.rel1.linux64_1.0.0.202410170706/tools/bin/../lib/gcc/arm-none-eabi/13.3.1/../../../../arm-none-eabi/lib/thumb/v7e-m/nofp/libc_nano.a(libc_a-exit.o)
                              /opt/st/stm32cubeide_1.19.0/plugins/com.st.stm32cube.ide.mcu.externaltools.gnu-tools-for-stm32.13.3.rel1.linux64_1.0.0.202410170706/tools/bin/../lib/gcc/arm-none-eabi/13.3.1/../../../../arm-none-eabi/lib/thumb/v7e-m/nofp/crt0.o (exit)
/opt/st/stm32cubeide_1.19.0/plugins/com.st.stm32cube.ide.mcu.externaltools.gnu-tools-for-stm32.13.3.rel1.linux64_1.0.0.202410170706/tools/bin/../lib/gcc/arm-none-eabi/13.3.1/../../../../arm-none-eabi/lib/thumb/v7e-m/nofp/libc_nano.a(libc_a-findfp.o)
                              /opt/st/stm32cubeide_1.19.0/plugins/com.st.stm32cube.ide.mcu.externaltools.gnu-tools-for-stm32.13.3.rel1.linux64_1.0.0.202410170706/tools/bin/../lib/gcc/arm-none-eabi/13.3.1/../../../../arm-none-eabi/lib/thumb/v7e-m/nofp/libc_nano.a(libc_a-exit.o) (__stdio_exit_handler)
/opt/st/stm32cubeide_1.19.0/plugins/com.st.stm32cube.ide.mcu.externaltools.gnu-tools-for-stm32.13.3.rel1.linux64_1.0.0.202410170706/tools/bin/../lib/gcc/arm-none-eabi/13.3.1/../../../../arm-none-eabi/lib/thumb/v7e-m/nofp/libc_nano.a(libc_a-fwalk.o)
                              /opt/st/stm32cubeide_1.19.0/plugins/com.st.stm32cube.ide.mcu.externaltools.gnu-tools-for-stm32.13.3.rel1.linux64_1.0.0.202410170706/tools/bin/../lib/gcc/arm-none-eabi/13.3.1/../../../../arm-none-eabi/lib/thumb/v7e-m/nofp/libc_nano.a(libc_a-findfp.o) (_fwalk_sglue)
/opt/st/stm32cubeide_1.19.0/plugins/com.st.stm32cube.ide.mcu.externaltools.gnu-tools-for-stm32.13.3.rel1.linux64_1.0.0.202410170706/tools/bin/../lib/gcc/arm-none-eabi/13.3.1/../../../../arm-none-eabi/lib/thumb/v7e-m/nofp/libc_nano.a(libc_a-stdio.o)
                              /opt/st/stm32cubeide_1.19.0/plugins/com.st.stm32cube.ide.mcu.externaltools.gnu-tools-for-stm32.13.3.rel1.linux64_1.0.0.202410170706/tools/bin/../lib/gcc/arm-none-eabi/13.3.1/../../../../arm-none-eabi/lib/thumb/v7e-m/nofp/libc_nano.a(libc_a-findfp.o) (__sread)
/opt/st/stm32cubeide_1.19.0/plugins/com.st.stm32cube.ide.mcu.externaltools.gnu-tools-for-stm32.13.3.rel1.linux64_1.0.0.202410170706/tools/bin/../lib/gcc/arm-none-eabi/13.3.1/../../../../arm-none-eabi/lib/thumb/v7e-m/nofp/libc_nano.a(libc_a-memset.o)
                              /opt/st/stm32cubeide_1.19.0/plugins/com.st.stm32cube.ide.mcu.externaltools.gnu-tools-for-stm32.13.3.rel1.linux64_1.0.0.202410170706/tools/bin/../lib/gcc/arm-none-eabi/13.3.1/../../../../arm-none-eabi/lib/thumb/v7e-m/nofp/crt0.o (memset)
/opt/st/stm32cubeide_1.19.0/plugins/com.st.stm32cube.ide.mcu.externaltools.gnu-tools-for-stm32.13.3.rel1.linux64_1.0.0.202410170706/tools/bin/../lib/gcc/arm-none-eabi/13.3.1/../../../../arm-none-eabi/lib/thumb/v7e-m/nofp/libc_nano.a(libc_a-closer.o)
                              /opt/st/stm32cubeide_1.19.0/plugins/com.st.stm32cube.ide.mcu.externaltools.gnu-tools-for-stm32.13.3.rel1.linux64_1.0.0.202410170706/tools/bin/../lib/gcc/arm-none-eabi/13.3.1/../../../../arm-none-eabi/lib/thumb/v7e-m/nofp/libc_nano.a(libc_a-stdio.o) (_close_r)
/opt/st/stm32cubeide_1.19.0/plugins/com.st.stm32cube.ide.mcu.externaltools.gnu-tools-for-stm32.13.3.rel1.linux64_1.0.0.202410170706/tools/bin/../lib/gcc/arm-none-eabi/13.3.1/../../../../arm-none-eabi/lib/thumb/v7e-m/nofp/libc_nano.a(libc_a-reent.o)
                              /opt/st/stm32cubeide_1.19.0/plugins/com.st.stm32cube.ide.mcu.externaltools.gnu-tools-for-stm32.13.3.rel1.linux64_1.0.0.202410170706/tools/bin/../lib/gcc/arm-none-eabi/13.3.1/../../../../arm-none-eabi/lib/thumb/v7e-m/nofp/libc_nano.a(libc_a-closer.o) (errno)
/opt/st/stm32cubeide_1.19.0/plugins/com.st.stm32cube.ide.mcu.externaltools.gnu-tools-for-stm32.13.3.rel1.linux64_1.0.0.202410170706/tools/bin/../lib/gcc/arm-none-eabi/13.3.1/../../../../arm-none-eabi/lib/thumb/v7e-m/nofp/libc_nano.a(libc_a-impure.o)
                              /opt/st/stm32cubeide_1.19.0/plugins/com.st.stm32cube.ide.mcu.externaltools.gnu-tools-for-stm32.13.3.rel1.linux64_1.0.0.202410170706/tools/bin/../lib/gcc/arm-none-eabi/13.3.1/../../../../arm-none-eabi/lib/thumb/v7e-m/nofp/libc_nano.a(libc_a-reent.o) (_impure_ptr)
/opt/st/stm32cubeide_1.19.0/plugins/com.st.stm32cube.ide.mcu.externaltools.gnu-tools-for-stm32.13.3.rel1.linux64_1.0.0.202410170706/tools/bin/../lib/gcc/arm-none-eabi/13.3.1/../../../../arm-none-eabi/lib/thumb/v7e-m/nofp/libc_nano.a(libc_a-lseekr.o)
                              /opt/st/stm32cubeide_1.19.0/plugins/com.st.stm32cube.ide.mcu.externaltools.gnu-tools-for-stm32.13.3.rel1.linux64_1.0.0.202410170706/tools/bin/../lib/gcc/arm-none-eabi/13.3.1/../../../../arm-none-eabi/lib/thumb/v7e-m/nofp/libc_nano.a(libc_a-stdio.o) (_lseek_r)
[...]
Memory Configuration

Name             Origin             Length             Attributes
RAM              0x20000000         0x00020000         xrw
FLASH            0x08000000         0x00080000         xr
*default*        0x00000000         0xffffffff

Linker script and memory map

LOAD /opt/st/stm32cubeide_1.19.0/plugins/com.st.stm32cube.ide.mcu.externaltools.gnu-tools-for-stm32.13.3.rel1.linux64_1.0.0.202410170706/tools/bin/../lib/gcc/arm-none-eabi/13.3.1/thumb/v7e-m/nofp/crti.o
LOAD /opt/st/stm32cubeide_1.19.0/plugins/com.st.stm32cube.ide.mcu.externaltools.gnu-tools-for-stm32.13.3.rel1.linux64_1.0.0.202410170706/tools/bin/../lib/gcc/arm-none-eabi/13.3.1/thumb/v7e-m/nofp/crtbegin.o
LOAD /opt/st/stm32cubeide_1.19.0/plugins/com.st.stm32cube.ide.mcu.externaltools.gnu-tools-for-stm32.13.3.rel1.linux64_1.0.0.202410170706/tools/bin/../lib/gcc/arm-none-eabi/13.3.1/../../../../arm-none-eabi/lib/thumb/v7e-m/nofp/crt0.o
LOAD ./Core/Src/main.o
LOAD ./Core/Src/stm32f4xx_hal_msp.o
LOAD ./Core/Src/stm32f4xx_it.o
LOAD ./Core/Src/syscalls.o
LOAD ./Core/Src/sysmem.o
LOAD ./Core/Src/system_stm32f4xx.o
LOAD ./Core/Startup/startup_stm32f411ceux.o
LOAD ./Drivers/STM32F4xx_HAL_Driver/Src/stm32f4xx_hal.o
LOAD ./Drivers/STM32F4xx_HAL_Driver/Src/stm32f4xx_hal_cortex.o
LOAD ./Drivers/STM32F4xx_HAL_Driver/Src/stm32f4xx_hal_dma.o
LOAD ./Drivers/STM32F4xx_HAL_Driver/Src/stm32f4xx_hal_dma_ex.o
LOAD ./Drivers/STM32F4xx_HAL_Driver/Src/stm32f4xx_hal_exti.o
LOAD ./Drivers/STM32F4xx_HAL_Driver/Src/stm32f4xx_hal_flash.o
LOAD ./Drivers/STM32F4xx_HAL_Driver/Src/stm32f4xx_hal_flash_ex.o
LOAD ./Drivers/STM32F4xx_HAL_Driver/Src/stm32f4xx_hal_flash_ramfunc.o
LOAD ./Drivers/STM32F4xx_HAL_Driver/Src/stm32f4xx_hal_gpio.o
LOAD ./Drivers/STM32F4xx_HAL_Driver/Src/stm32f4xx_hal_pwr.o
LOAD ./Drivers/STM32F4xx_HAL_Driver/Src/stm32f4xx_hal_pwr_ex.o
LOAD ./Drivers/STM32F4xx_HAL_Driver/Src/stm32f4xx_hal_rcc.o
LOAD ./Drivers/STM32F4xx_HAL_Driver/Src/stm32f4xx_hal_rcc_ex.o
LOAD ./RTOS/src/kernel.o
LOAD ./RTOS/src/osmcal.o
START GROUP
LOAD /opt/st/stm32cubeide_1.19.0/plugins/com.st.stm32cube.ide.mcu.externaltools.gnu-tools-for-stm32.13.3.rel1.linux64_1.0.0.202410170706/tools/bin/../lib/gcc/arm-none-eabi/13.3.1/../../../../arm-none-eabi/lib/thumb/v7e-m/nofp/libc_nano.a
LOAD /opt/st/stm32cubeide_1.19.0/plugins/com.st.stm32cube.ide.mcu.externaltools.gnu-tools-for-stm32.13.3.rel1.linux64_1.0.0.202410170706/tools/bin/../lib/gcc/arm-none-eabi/13.3.1/../../../../arm-none-eabi/lib/thumb/v7e-m/nofp/libm.a
END GROUP
START GROUP
LOAD /opt/st/stm32cubeide_1.19.0/plugins/com.st.stm32cube.ide.mcu.externaltools.gnu-tools-for-stm32.13.3.rel1.linux64_1.0.0.202410170706/tools/bin/../lib/gcc/arm-none-eabi/13.3.1/thumb/v7e-m/nofp/libgcc.a
LOAD /opt/st/stm32cubeide_1.19.0/plugins/com.st.stm32cube.ide.mcu.externaltools.gnu-tools-for-stm32.13.3.rel1.linux64_1.0.0.202410170706/tools/bin/../lib/gcc/arm-none-eabi/13.3.1/../../../../arm-none-eabi/lib/thumb/v7e-m/nofp/libc_nano.a
END GROUP
START GROUP
LOAD /opt/st/stm32cubeide_1.19.0/plugins/com.st.stm32cube.ide.mcu.externaltools.gnu-tools-for-stm32.13.3.rel1.linux64_1.0.0.202410170706/tools/bin/../lib/gcc/arm-none-eabi/13.3.1/thumb/v7e-m/nofp/libgcc.a
LOAD /opt/st/stm32cubeide_1.19.0/plugins/com.st.stm32cube.ide.mcu.externaltools.gnu-tools-for-stm32.13.3.rel1.linux64_1.0.0.202410170706/tools/bin/../lib/gcc/arm-none-eabi/13.3.1/../../../../arm-none-eabi/lib/thumb/v7e-m/nofp/libc_nano.a
LOAD /opt/st/stm32cubeide_1.19.0/plugins/com.st.stm32cube.ide.mcu.externaltools.gnu-tools-for-stm32.13.3.rel1.linux64_1.0.0.202410170706/tools/bin/../lib/gcc/arm-none-eabi/13.3.1/../../../../arm-none-eabi/lib/thumb/v7e-m/nofp/libnosys.a
END GROUP
START GROUP
LOAD /opt/st/stm32cubeide_1.19.0/plugins/com.st.stm32cube.ide.mcu.externaltools.gnu-tools-for-stm32.13.3.rel1.linux64_1.0.0.202410170706/tools/bin/../lib/gcc/arm-none-eabi/13.3.1/thumb/v7e-m/nofp/libgcc.a
LOAD /opt/st/stm32cubeide_1.19.0/plugins/com.st.stm32cube.ide.mcu.externaltools.gnu-tools-for-stm32.13.3.rel1.linux64_1.0.0.202410170706/tools/bin/../lib/gcc/arm-none-eabi/13.3.1/../../../../arm-none-eabi/lib/thumb/v7e-m/nofp/libc_nano.a
LOAD /opt/st/stm32cubeide_1.19.0/plugins/com.st.stm32cube.ide.mcu.externaltools.gnu-tools-for-stm32.13.3.rel1.linux64_1.0.0.202410170706/tools/bin/../lib/gcc/arm-none-eabi/13.3.1/../../../../arm-none-eabi/lib/thumb/v7e-m/nofp/libnosys.a
END GROUP
LOAD /opt/st/stm32cubeide_1.19.0/plugins/com.st.stm32cube.ide.mcu.externaltools.gnu-tools-for-stm32.13.3.rel1.linux64_1.0.0.202410170706/tools/bin/../lib/gcc/arm-none-eabi/13.3.1/thumb/v7e-m/nofp/crtend.o
LOAD /opt/st/stm32cubeide_1.19.0/plugins/com.st.stm32cube.ide.mcu.externaltools.gnu-tools-for-stm32.13.3.rel1.linux64_1.0.0.202410170706/tools/bin/../lib/gcc/arm-none-eabi/13.3.1/thumb/v7e-m/nofp/crtn.o
                0x20020000                        _estack = (ORIGIN (RAM) + LENGTH (RAM))
                0x00000200                        _Min_Heap_Size = 0x200
                0x00000400                        _Min_Stack_Size = 0x400

.isr_vector     0x08000000      0x198
                0x08000000                        . = ALIGN (0x4)
 *(.isr_vector)
 .isr_vector    0x08000000      0x198 ./Core/Startup/startup_stm32f411ceux.o
                0x08000000                g_pfnVectors
                0x08000198                        . = ALIGN (0x4)

.text           0x08000198      0x370
                0x08000198                        . = ALIGN (0x4)
 *(.text)
 .text          0x08000198       0x40 /opt/st/stm32cubeide_1.19.0/plugins/com.st.stm32cube.ide.mcu.externaltools.gnu-tools-for-stm32.13.3.rel1.linux64_1.0.0.202410170706/tools/bin/../lib/gcc/arm-none-eabi/13.3.1/thumb/v7e-m/nofp/crtbegin.o
 *(.text*)
 .text.main     0x080001d8       0x2c ./Core/Src/main.o
                0x080001d8                main
 .text.task1_handler
                0x08000204        0x8 ./Core/Src/main.o
                0x08000204                task1_handler
 .text.task2_handler
                0x0800020c        0x8 ./Core/Src/main.o
                0x0800020c                task2_handler
 .text.task3_handler
                0x08000214        0x8 ./Core/Src/main.o
                0x08000214                task3_handler
 .text.task4_handler
                0x0800021c        0x8 ./Core/Src/main.o
                0x0800021c                task4_handler
 .text.NMI_Handler
                0x08000224        0x8 ./Core/Src/stm32f4xx_it.o
                0x08000224                NMI_Handler
 .text.HardFault_Handler
                0x0800022c        0x8 ./Core/Src/stm32f4xx_it.o
                0x0800022c                HardFault_Handler
 .text.MemManage_Handler
                0x08000234        0x8 ./Core/Src/stm32f4xx_it.o
                0x08000234                MemManage_Handler
 .text.BusFault_Handler
                0x0800023c        0x8 ./Core/Src/stm32f4xx_it.o
                0x0800023c                BusFault_Handler
 .text.UsageFault_Handler
                0x08000244        0x8 ./Core/Src/stm32f4xx_it.o
                0x08000244                UsageFault_Handler
 .text.SVC_Handler
                0x0800024c        0xc ./Core/Src/stm32f4xx_it.o
                0x0800024c                SVC_Handler
 .text.DebugMon_Handler
                0x08000258        0xc ./Core/Src/stm32f4xx_it.o
                0x08000258                DebugMon_Handler
 .text.PendSV_Handler
                0x08000264        0xc ./Core/Src/stm32f4xx_it.o
                0x08000264                PendSV_Handler
 .text.SystemInit
                0x08000270        0xc ./Core/Src/system_stm32f4xx.o
                0x08000270                SystemInit
 .text.Reset_Handler
                0x0800027c       0x50 ./Core/Startup/startup_stm32f411ceux.o
                0x0800027c                Reset_Handler
 .text.Default_Handler
                0x080002cc        0x2 ./Core/Startup/startup_stm32f411ceux.o
                0x080002cc                RTC_Alarm_IRQHandler
                0x080002cc                EXTI2_IRQHandler
                0x080002cc                SPI4_IRQHandler
                0x080002cc                TIM1_CC_IRQHandler
                0x080002cc                DMA2_Stream5_IRQHandler
                0x080002cc                DMA1_Stream5_IRQHandler
                0x080002cc                PVD_IRQHandler
                0x080002cc                SDIO_IRQHandler
                0x080002cc                TAMP_STAMP_IRQHandler
                0x080002cc                EXTI3_IRQHandler
                0x080002cc                TIM1_UP_TIM10_IRQHandler
                0x080002cc                I2C3_ER_IRQHandler
                0x080002cc                EXTI0_IRQHandler
                0x080002cc                I2C2_EV_IRQHandler
                0x080002cc                DMA1_Stream2_IRQHandler
                0x080002cc                FPU_IRQHandler
                0x080002cc                DMA2_Stream2_IRQHandler
                0x080002cc                SPI1_IRQHandler
                0x080002cc                TIM1_BRK_TIM9_IRQHandler
                0x080002cc                DMA2_Stream3_IRQHandler
                0x080002cc                USART6_IRQHandler
                0x080002cc                DMA2_Stream0_IRQHandler
                0x080002cc                TIM4_IRQHandler
                0x080002cc                I2C1_EV_IRQHandler
                0x080002cc                DMA1_Stream6_IRQHandler
                0x080002cc                DMA1_Stream1_IRQHandler
                0x080002cc                TIM3_IRQHandler
                0x080002cc                RCC_IRQHandler
                0x080002cc                Default_Handler
                0x080002cc                EXTI15_10_IRQHandler
                0x080002cc                ADC_IRQHandler
                0x080002cc                DMA1_Stream7_IRQHandler
                0x080002cc                SPI5_IRQHandler
                0x080002cc                TIM5_IRQHandler
                0x080002cc                DMA2_Stream7_IRQHandler
                0x080002cc                I2C3_EV_IRQHandler
                0x080002cc                EXTI9_5_IRQHandler
                0x080002cc                RTC_WKUP_IRQHandler
                0x080002cc                SPI2_IRQHandler
                0x080002cc                DMA1_Stream0_IRQHandler
                0x080002cc                EXTI4_IRQHandler
                0x080002cc                WWDG_IRQHandler
                0x080002cc                TIM2_IRQHandler
                0x080002cc                OTG_FS_WKUP_IRQHandler
                0x080002cc                TIM1_TRG_COM_TIM11_IRQHandler
                0x080002cc                EXTI1_IRQHandler
                0x080002cc                USART2_IRQHandler
                0x080002cc                I2C2_ER_IRQHandler
                0x080002cc                DMA2_Stream1_IRQHandler
                0x080002cc                FLASH_IRQHandler
                0x080002cc                DMA2_Stream4_IRQHandler
                0x080002cc                USART1_IRQHandler
                0x080002cc                OTG_FS_IRQHandler
                0x080002cc                SPI3_IRQHandler
                0x080002cc                DMA1_Stream4_IRQHandler
                0x080002cc                I2C1_ER_IRQHandler
                0x080002cc                DMA2_Stream6_IRQHandler
                0x080002cc                DMA1_Stream3_IRQHandler
 *fill*         0x080002ce        0x2 
 .text.systick_init
                0x080002d0       0x50 ./RTOS/src/osmcal.o
                0x080002d0                systick_init
 .text.sched_stack_init
                0x08000320        0x8 ./RTOS/src/osmcal.o
                0x08000320                sched_stack_init
 .text.task_stack_init
                0x08000328       0x9c ./RTOS/src/osmcal.o
                0x08000328                task_stack_init
 .text.sysfaults_enable
                0x080003c4       0x34 ./RTOS/src/osmcal.o
                0x080003c4                sysfaults_enable
 .text.get_current_psp
                0x080003f8       0x20 ./RTOS/src/osmcal.o
 .text.save_psp
                0x08000418       0x28 ./RTOS/src/osmcal.o
 .text.update_next_task
                0x08000440       0x28 ./RTOS/src/osmcal.o
 .text.switch_to_psp
                0x08000468       0x1a ./RTOS/src/osmcal.o
                0x08000468                switch_to_psp
 .text.SysTick_Handler
                0x08000482       0x26 ./RTOS/src/osmcal.o
                0x08000482                SysTick_Handler
 .text.__libc_init_array
                0x080004a8       0x48 /opt/st/stm32cubeide_1.19.0/plugins/com.st.stm32cube.ide.mcu.externaltools.gnu-tools-for-stm32.13.3.rel1.linux64_1.0.0.202410170706/tools/bin/../lib/gcc/arm-none-eabi/13.3.1/../../../../arm-none-eabi/lib/thumb/v7e-m/nofp/libc_nano.a(libc_a-init.o)
                0x080004a8                __libc_init_array
 *(.glue_7)
 .glue_7        0x080004f0        0x0 linker stubs
 *(.glue_7t)
 .glue_7t       0x080004f0        0x0 linker stubs
 *(.eh_frame)
 .eh_frame      0x080004f0        0x0 /opt/st/stm32cubeide_1.19.0/plugins/com.st.stm32cube.ide.mcu.externaltools.gnu-tools-for-stm32.13.3.rel1.linux64_1.0.0.202410170706/tools/bin/../lib/gcc/arm-none-eabi/13.3.1/thumb/v7e-m/nofp/crtbegin.o
 *(.init)
 .init          0x080004f0        0x4 /opt/st/stm32cubeide_1.19.0/plugins/com.st.stm32cube.ide.mcu.externaltools.gnu-tools-for-stm32.13.3.rel1.linux64_1.0.0.202410170706/tools/bin/../lib/gcc/arm-none-eabi/13.3.1/thumb/v7e-m/nofp/crti.o
                0x080004f0                _init
 .init          0x080004f4        0x8 /opt/st/stm32cubeide_1.19.0/plugins/com.st.stm32cube.ide.mcu.externaltools.gnu-tools-for-stm32.13.3.rel1.linux64_1.0.0.202410170706/tools/bin/../lib/gcc/arm-none-eabi/13.3.1/thumb/v7e-m/nofp/crtn.o
 *(.fini)
 .fini          0x080004fc        0x4 /opt/st/stm32cubeide_1.19.0/plugins/com.st.stm32cube.ide.mcu.externaltools.gnu-tools-for-stm32.13.3.rel1.linux64_1.0.0.202410170706/tools/bin/../lib/gcc/arm-none-eabi/13.3.1/thumb/v7e-m/nofp/crti.o
                0x080004fc                _fini
 .fini          0x08000500        0x8 /opt/st/stm32cubeide_1.19.0/plugins/com.st.stm32cube.ide.mcu.externaltools.gnu-tools-for-stm32.13.3.rel1.linux64_1.0.0.202410170706/tools/bin/../lib/gcc/arm-none-eabi/13.3.1/thumb/v7e-m/nofp/crtn.o
                0x08000508                        . = ALIGN (0x4)
                0x08000508                        _etext = .

.vfp11_veneer   0x08000508        0x0
 .vfp11_veneer  0x08000508        0x0 linker stubs

.v4_bx          0x08000508        0x0
 .v4_bx         0x08000508        0x0 linker stubs

.iplt           0x08000508        0x0
 .iplt          0x08000508        0x0 /opt/st/stm32cubeide_1.19.0/plugins/com.st.stm32cube.ide.mcu.externaltools.gnu-tools-for-stm32.13.3.rel1.linux64_1.0.0.202410170706/tools/bin/../lib/gcc/arm-none-eabi/13.3.1/thumb/v7e-m/nofp/crtbegin.o

.rodata         0x08000508       0x10
                0x08000508                        . = ALIGN (0x4)
 *(.rodata)
 .rodata        0x08000508       0x10 ./RTOS/src/osmcal.o
 *(.rodata*)
                0x08000518                        . = ALIGN (0x4)

.ARM.extab      0x08000518        0x0
                0x08000518                        . = ALIGN (0x4)
 *(.ARM.extab* .gnu.linkonce.armextab.*)
                0x08000518                        . = ALIGN (0x4)

.ARM            0x08000518        0x0
                0x08000518                        . = ALIGN (0x4)
                0x08000518                        __exidx_start = .
 *(.ARM.exidx*)
                0x08000518                        __exidx_end = .
                0x08000518                        . = ALIGN (0x4)

.preinit_array  0x08000518        0x0
                0x08000518                        . = ALIGN (0x4)
                0x08000518                        PROVIDE (__preinit_array_start = .)
 *(.preinit_array*)
                0x08000518                        PROVIDE (__preinit_array_end = .)
                0x08000518                        . = ALIGN (0x4)

.init_array     0x08000518        0x4
                0x08000518                        . = ALIGN (0x4)
                0x08000518                        PROVIDE (__init_array_start = .)
 *(SORT_BY_NAME(.init_array.*))
 *(.init_array*)
 .init_array    0x08000518        0x4 /opt/st/stm32cubeide_1.19.0/plugins/com.st.stm32cube.ide.mcu.externaltools.gnu-tools-for-stm32.13.3.rel1.linux64_1.0.0.202410170706/tools/bin/../lib/gcc/arm-none-eabi/13.3.1/thumb/v7e-m/nofp/crtbegin.o
                0x0800051c                        PROVIDE (__init_array_end = .)
                0x0800051c                        . = ALIGN (0x4)

.fini_array     0x0800051c        0x4
                0x0800051c                        . = ALIGN (0x4)
                [!provide]                        PROVIDE (__fini_array_start = .)
 *(SORT_BY_NAME(.fini_array.*))
 *(.fini_array*)
 .fini_array    0x0800051c        0x4 /opt/st/stm32cubeide_1.19.0/plugins/com.st.stm32cube.ide.mcu.externaltools.gnu-tools-for-stm32.13.3.rel1.linux64_1.0.0.202410170706/tools/bin/../lib/gcc/arm-none-eabi/13.3.1/thumb/v7e-m/nofp/crtbegin.o
                [!provide]                        PROVIDE (__fini_array_end = .)
                0x08000520                        . = ALIGN (0x4)
                0x08000520                        _sidata = LOADADDR (.data)

.rel.dyn        0x08000520        0x0
 .rel.iplt      0x08000520        0x0 /opt/st/stm32cubeide_1.19.0/plugins/com.st.stm32cube.ide.mcu.externaltools.gnu-tools-for-stm32.13.3.rel1.linux64_1.0.0.202410170706/tools/bin/../lib/gcc/arm-none-eabi/13.3.1/thumb/v7e-m/nofp/crtbegin.o

.data           0x20000000       0x10 load address 0x08000520
                0x20000000                        . = ALIGN (0x4)
                0x20000000                        _sdata = .
 *(.data)
 *(.data*)
 .data.task_psp
                0x20000000       0x10 ./RTOS/src/osmcal.o
                0x20000000                task_psp
 *(.RamFunc)
 *(.RamFunc*)
                0x20000010                        . = ALIGN (0x4)
                0x20000010                        _edata = .

.igot.plt       0x20000010        0x0 load address 0x08000530
 .igot.plt      0x20000010        0x0 /opt/st/stm32cubeide_1.19.0/plugins/com.st.stm32cube.ide.mcu.externaltools.gnu-tools-for-stm32.13.3.rel1.linux64_1.0.0.202410170706/tools/bin/../lib/gcc/arm-none-eabi/13.3.1/thumb/v7e-m/nofp/crtbegin.o
                0x20000010                        . = ALIGN (0x4)

.bss            0x20000010       0x20 load address 0x08000530
                0x20000010                        _sbss = .
                0x20000010                        __bss_start__ = _sbss
 *(.bss)
 .bss           0x20000010       0x1c /opt/st/stm32cubeide_1.19.0/plugins/com.st.stm32cube.ide.mcu.externaltools.gnu-tools-for-stm32.13.3.rel1.linux64_1.0.0.202410170706/tools/bin/../lib/gcc/arm-none-eabi/13.3.1/thumb/v7e-m/nofp/crtbegin.o
 *(.bss*)
 .bss.current_task
                0x2000002c        0x4 ./RTOS/src/osmcal.o
                0x2000002c                current_task
 *(COMMON)
                0x20000030                        . = ALIGN (0x4)
                0x20000030                        _ebss = .
                0x20000030                        __bss_end__ = _ebss

._user_heap_stack
                0x20000030      0x600 load address 0x08000530
                0x20000030                        . = ALIGN (0x8)
                [!provide]                        PROVIDE (end = .)
                0x20000030                        PROVIDE (_end = .)
                0x20000230                        . = (. + _Min_Heap_Size)
 *fill*         0x20000030      0x200 
                0x20000630                        . = (. + _Min_Stack_Size)
 *fill*         0x20000230      0x400 
                0x20000630                        . = ALIGN (0x8)

/DISCARD/
 libc.a(*)
 libm.a(*)
 libgcc.a(*)

.ARM.attributes
                0x00000000       0x2a
 *(.ARM.attributes)
 .ARM.attributes
                0x00000000       0x1e /opt/st/stm32cubeide_1.19.0/plugins/com.st.stm32cube.ide.mcu.externaltools.gnu-tools-for-stm32.13.3.rel1.linux64_1.0.0.202410170706/tools/bin/../lib/gcc/arm-none-eabi/13.3.1/thumb/v7e-m/nofp/crti.o
 .ARM.attributes
                0x0000001e       0x2e /opt/st/stm32cubeide_1.19.0/plugins/com.st.stm32cube.ide.mcu.externaltools.gnu-tools-for-stm32.13.3.rel1.linux64_1.0.0.202410170706/tools/bin/../lib/gcc/arm-none-eabi/13.3.1/thumb/v7e-m/nofp/crtbegin.o
 .ARM.attributes
                0x0000004c       0x2e ./Core/Src/main.o
 .ARM.attributes
                0x0000007a       0x2e ./Core/Src/stm32f4xx_it.o
 .ARM.attributes
                0x000000a8       0x2e ./Core/Src/system_stm32f4xx.o
 .ARM.attributes
                0x000000d6       0x21 ./Core/Startup/startup_stm32f411ceux.o
 .ARM.attributes
                0x000000f7       0x2e ./RTOS/src/osmcal.o
 .ARM.attributes
                0x00000125       0x2e /opt/st/stm32cubeide_1.19.0/plugins/com.st.stm32cube.ide.mcu.externaltools.gnu-tools-for-stm32.13.3.rel1.linux64_1.0.0.202410170706/tools/bin/../lib/gcc/arm-none-eabi/13.3.1/../../../../arm-none-eabi/lib/thumb/v7e-m/nofp/libc_nano.a(libc_a-init.o)
 .ARM.attributes
                0x00000153       0x1e /opt/st/stm32cubeide_1.19.0/plugins/com.st.stm32cube.ide.mcu.externaltools.gnu-tools-for-stm32.13.3.rel1.linux64_1.0.0.202410170706/tools/bin/../lib/gcc/arm-none-eabi/13.3.1/thumb/v7e-m/nofp/crtn.o
OUTPUT(schedzo.elf elf32-littlearm)
LOAD linker stubs
LOAD /opt/st/stm32cubeide_1.19.0/plugins/com.st.stm32cube.ide.mcu.externaltools.gnu-tools-for-stm32.13.3.rel1.linux64_1.0.0.202410170706/tools/bin/../lib/gcc/arm-none-eabi/13.3.1/../../../../arm-none-eabi/lib/thumb/v7e-m/nofp/libc.a
LOAD /opt/st/stm32cubeide_1.19.0/plugins/com.st.stm32cube.ide.mcu.externaltools.gnu-tools-for-stm32.13.3.rel1.linux64_1.0.0.202410170706/tools/bin/../lib/gcc/arm-none-eabi/13.3.1/../../../../arm-none-eabi/lib/thumb/v7e-m/nofp/libm.a
LOAD /opt/st/stm32cubeide_1.19.0/plugins/com.st.stm32cube.ide.mcu.externaltools.gnu-tools-for-stm32.13.3.rel1.linux64_1.0.0.202410170706/tools/bin/../lib/gcc/arm-none-eabi/13.3.1/thumb/v7e-m/nofp/libgcc.a

.debug_info     0x00000000      0x87b
 .debug_info    0x00000000      0x116 ./Core/Src/main.o
 .debug_info    0x00000116       0xab ./Core/Src/stm32f4xx_it.o
 .debug_info    0x000001c1      0x347 ./Core/Src/system_stm32f4xx.o
 .debug_info    0x00000508       0x30 ./Core/Startup/startup_stm32f411ceux.o
 .debug_info    0x00000538      0x343 ./RTOS/src/osmcal.o

.debug_abbrev   0x00000000      0x3ad
 .debug_abbrev  0x00000000       0xa2 ./Core/Src/main.o
 .debug_abbrev  0x000000a2       0x31 ./Core/Src/stm32f4xx_it.o
 .debug_abbrev  0x000000d3      0x11c ./Core/Src/system_stm32f4xx.o
 .debug_abbrev  0x000001ef       0x24 ./Core/Startup/startup_stm32f411ceux.o
 .debug_abbrev  0x00000213      0x19a ./RTOS/src/osmcal.o

.debug_aranges  0x00000000      0x148
 .debug_aranges
                0x00000000       0x40 ./Core/Src/main.o
 .debug_aranges
                0x00000040       0x58 ./Core/Src/stm32f4xx_it.o
 .debug_aranges
                0x00000098       0x28 ./Core/Src/system_stm32f4xx.o
 .debug_aranges
                0x000000c0       0x28 ./Core/Startup/startup_stm32f411ceux.o
 .debug_aranges
                0x000000e8       0x60 ./RTOS/src/osmcal.o

.debug_rnglists
                0x00000000       0xdf
 .debug_rnglists
                0x00000000       0x2b ./Core/Src/main.o
 .debug_rnglists
                0x0000002b       0x3d ./Core/Src/stm32f4xx_it.o
 .debug_rnglists
                0x00000068       0x1a ./Core/Src/system_stm32f4xx.o
 .debug_rnglists
                0x00000082       0x19 ./Core/Startup/startup_stm32f411ceux.o
 .debug_rnglists
                0x0000009b       0x44 ./RTOS/src/osmcal.o

.debug_macro    0x00000000    0x137ec
 .debug_macro   0x00000000       0x84 ./Core/Src/main.o
 .debug_macro   0x00000084      0xacc ./Core/Src/main.o
 .debug_macro   0x00000b50       0x40 ./Core/Src/main.o
 .debug_macro   0x00000b90       0x22 ./Core/Src/main.o
 .debug_macro   0x00000bb2       0x8e ./Core/Src/main.o
 .debug_macro   0x00000c40       0x51 ./Core/Src/main.o
 .debug_macro   0x00000c91      0x103 ./Core/Src/main.o
 .debug_macro   0x00000d94       0x6a ./Core/Src/main.o
 .debug_macro   0x00000dfe      0x1df ./Core/Src/main.o
 .debug_macro   0x00000fdd       0x1c ./Core/Src/main.o
 .debug_macro   0x00000ff9       0x10 ./Core/Src/main.o
 .debug_macro   0x00001009       0x24 ./Core/Src/stm32f4xx_it.o
 .debug_macro   0x0000102d      0x1b0 ./Core/Src/system_stm32f4xx.o
 .debug_macro   0x000011dd       0x2e ./Core/Src/system_stm32f4xx.o
 .debug_macro   0x0000120b       0x28 ./Core/Src/system_stm32f4xx.o
 .debug_macro   0x00001233       0x1c ./Core/Src/system_stm32f4xx.o
 .debug_macro   0x0000124f       0x22 ./Core/Src/system_stm32f4xx.o
 .debug_macro   0x00001271       0xfb ./Core/Src/system_stm32f4xx.o
 .debug_macro   0x0000136c     0x1011 ./Core/Src/system_stm32f4xx.o
 .debug_macro   0x0000237d      0x11f ./Core/Src/system_stm32f4xx.o
 .debug_macro   0x0000249c     0xb968 ./Core/Src/system_stm32f4xx.o
 .debug_macro   0x0000de04       0x6d ./Core/Src/system_stm32f4xx.o
 .debug_macro   0x0000de71      0x28f ./Core/Src/system_stm32f4xx.o
 .debug_macro   0x0000e100     0x3693 ./Core/Src/system_stm32f4xx.o
 .debug_macro   0x00011793       0x5c ./Core/Src/system_stm32f4xx.o
 .debug_macro   0x000117ef      0x45c ./Core/Src/system_stm32f4xx.o
 .debug_macro   0x00011c4b      0x9e9 ./Core/Src/system_stm32f4xx.o
 .debug_macro   0x00012634      0x115 ./Core/Src/system_stm32f4xx.o
 .debug_macro   0x00012749      0x11b ./Core/Src/system_stm32f4xx.o
 .debug_macro   0x00012864       0xa5 ./Core/Src/system_stm32f4xx.o
 .debug_macro   0x00012909      0x15f ./Core/Src/system_stm32f4xx.o
 .debug_macro   0x00012a68      0x287 ./Core/Src/system_stm32f4xx.o
 .debug_macro   0x00012cef       0x5f ./Core/Src/system_stm32f4xx.o
 .debug_macro   0x00012d4e      0x236 ./Core/Src/system_stm32f4xx.o
 .debug_macro   0x00012f84      0x132 ./Core/Src/system_stm32f4xx.o
 .debug_macro   0x000130b6      0x264 ./Core/Src/system_stm32f4xx.o
 .debug_macro   0x0001331a       0x2e ./Core/Src/system_stm32f4xx.o
 .debug_macro   0x00013348      0x127 ./Core/Src/system_stm32f4xx.o
 .debug_macro   0x0001346f       0x85 ./Core/Src/system_stm32f4xx.o
 .debug_macro   0x000134f4       0x89 ./Core/Src/system_stm32f4xx.o
 .debug_macro   0x0001357d      0x126 ./Core/Src/system_stm32f4xx.o
 .debug_macro   0x000136a3       0x91 ./RTOS/src/osmcal.o
 .debug_macro   0x00013734       0xb8 ./RTOS/src/osmcal.o

.debug_line     0x00000000     0x1138
 .debug_line    0x00000000      0x3f6 ./Core/Src/main.o
 .debug_line    0x000003f6      0x105 ./Core/Src/stm32f4xx_it.o
 .debug_line    0x000004fb      0x6b0 ./Core/Src/system_stm32f4xx.o
 .debug_line    0x00000bab       0x7a ./Core/Startup/startup_stm32f411ceux.o
 .debug_line    0x00000c25      0x513 ./RTOS/src/osmcal.o

.debug_str      0x00000000    0x7e813
 .debug_str     0x00000000    0x7e813 ./Core/Src/main.o
                               0x3fc0 (size before relaxing)
 .debug_str     0x0007e813     0x3027 ./Core/Src/stm32f4xx_it.o
 .debug_str     0x0007e813    0x7e280 ./Core/Src/system_stm32f4xx.o
 .debug_str     0x0007e813       0x7a ./Core/Startup/startup_stm32f411ceux.o
 .debug_str     0x0007e813     0x44b8 ./RTOS/src/osmcal.o

.comment        0x00000000       0x43
 .comment       0x00000000       0x43 ./Core/Src/main.o
                                 0x44 (size before relaxing)
 .comment       0x00000043       0x44 ./Core/Src/stm32f4xx_it.o
 .comment       0x00000043       0x44 ./Core/Src/system_stm32f4xx.o
 .comment       0x00000043       0x44 ./RTOS/src/osmcal.o

.debug_frame    0x00000000      0x314
 .debug_frame   0x00000000       0x8c ./Core/Src/main.o
 .debug_frame   0x0000008c       0xe8 ./Core/Src/stm32f4xx_it.o
 .debug_frame   0x00000174       0x58 ./Core/Src/system_stm32f4xx.o
 .debug_frame   0x000001cc      0x11c ./RTOS/src/osmcal.o
 .debug_frame   0x000002e8       0x2c /opt/st/stm32cubeide_1.19.0/plugins/com.st.stm32cube.ide.mcu.externaltools.gnu-tools-for-stm32.13.3.rel1.linux64_1.0.0.202410170706/tools/bin/../lib/gcc/arm-none-eabi/13.3.1/../../../../arm-none-eabi/lib/thumb/v7e-m/nofp/libc_nano.a(libc_a-init.o)

.debug_line_str
                0x00000000       0x5e
 .debug_line_str
                0x00000000       0x5e ./Core/Startup/startup_stm32f411ceux.o
